Traceback (most recent call last):
  File "<stdin>", line 1
SyntaxError: invalid syntax
>>> 
>>> 
>>> 
>>> 
>>> 
>>> 
PYB: sync filesystems
PYB: soft reboot
Traceback (most recent call last):
  File "boot.py", line 12, in <module>
  File "makhina/control.py", line 10, in <module>
KeyboardInterrupt: 
Traceback (most recent call last):
  File "main.py", line 5, in <module>
NameError: name 'main_screen' is not defined
MicroPython v1.9.4 on 2018-05-11; PYBv1.1 with STM32F405RG
Type "help()" for more information.
>>> 
>>> 
>>> 
>>> 
>>> 
>>> from uModbus.Serial
Traceback (most recent call last):
  File "<stdin>", line 2
SyntaxError: invalid syntax
>>> from uModbus.serial import Serial
>>> ls
Traceback (most recent call last):
  File "<stdin>", line 1, in <module>
NameError: name 'ls' is not defined
>>> c = Serial(6, baudrare=115200)
Traceback (most recent call last):
  File "<stdin>", line 1, in <module>
TypeError: unexpected keyword argument 'baudrare'
>>> c = Serial(6, baudrate=115200)
>>> c.read_holding_registers(16, 19, 10)
Traceback (most recent call last):
  File "<stdin>", line 1, in <module>
  File "uModbus/serial.py", line 125, in read_holding_registers
  File "uModbus/serial.py", line 84, in _send_receive
  File "uModbus/serial.py", line 89, in _validate_resp_hdr
OSError: no data received from slave
>>> c  = Serial(6, baudrate=115200, ctrl_pin="X6")
>>> c  = Serial(6, baudrate=115200, ctrl_pin="X6")
>>> c.read_holding_registers(16, 19, 10)
(122, 0, -21237, 16707, 32120, 1, 0, -4089, 11, -2297)
>>> c.read_holding_registers(16, 19, 10)
(127, 0, -20001, 16716, 26917, 1, 0, -4089, 11, -2297)
>>> c.read_holding_registers(16, 19, 10)
(129, 0, -19847, 16719, -8839, 1, 0, -4089, 11, -2297)
>>> c.read_holding_registers(16, 19, 10)
(133, 0, -19590, 16726, 14237, 1, 0, -4089, 11, -2297)
>>> c.read_holding_registers(16, 19, 10)
(135, 0, -19436, 16728, -7170, 1, 0, -4089, 11, -2297)
>>> c.read_holding_registers(16, 19, 10)
(138, 0, -19179, 16733, 22622, 1, 0, -4089, 11, -2297)
>>> c.read_holding_registers(16, 19, 10)
(140, 0, -19024, 16736, 1133, 1, 0, -4089, 11, -2297)
>>> c.read_holding_registers(16, 19, 10)
(141, 0, -18819, 16738, -20387, 1, 0, -4089, 11, -2297)
>>> c.read_holding_registers(16, 18, 10)
(1, 145, 0, -17841, 16744, -5182, 1, 0, -4089, 11)
>>> c.read_holding_registers(16, 18, 10)
(1, 146, 0, -17326, 16746, -19595, 1, 0, -4089, 11)
>>> 
>>> 
>>> c.read_holding_registers(16, 18, 10)
(1, 147, 0, -17069, 16748, 31515, 1, 0, -4089, 11)
>>> c.read_holding_registers(16, 18, 10)
(1, 148, 0, -16966, 16749, 24298, 1, 0, -4089, 11)
>>> c.read_holding_registers(16, 18, 10)
(1, 148, 0, -16863, 16750, 17078, 1, 0, -4089, 11)
>>> c.read_holding_registers(16, 18, 10)
(1, 149, 0, -16761, 16751, 9853, 1, 0, -4089, 11)
>>> c.read_holding_registers(16, 18, 10)
(1, 150, 0, -16658, 16752, 2625, 1, 0, -4089, 11)
>>> c.read_holding_registers(16, 17, 10)
(28160, 1, 152, 0, -15989, 16755, -26322, 1, 0, -4089)
>>> c.read_holding_registers(16, 17, 10)
(28160, 1, 152, 0, -15526, 16755, -26322, 1, 0, -4089)
>>> c.read_holding_registers(16, 17, 10)
(28160, 1, 152, 0, -15423, 16755, -26322, 1, 0, -4089)
>>> c.read_holding_registers(16, 17, 10)
(28160, 1, 152, 0, -15321, 16756, 31971, 1, 0, -4089)
>>> c.read_holding_registers(16, 17, 10)
(28160, 1, 152, 0, -15218, 16756, 31971, 1, 0, -4089)
>>> c.read_holding_registers(16, 17, 10)
(28160, 1, 153, 0, -14961, 16757, 24723, 1, 0, -4089)
>>> c.read_holding_registers(16, 17, 10)
(28160, 1, 154, 0, -14858, 16759, 17564, 1, 0, -4089)
>>> c.read_holding_registers(16, 17, 10)
(28160, 1, 154, 0, -14704, 16759, 17564, 1, 0, -4089)
>>> c.read_holding_registers(16, 17, 10)
(28160, 1, 154, 0, -14601, 16759, 10217, 1, 0, -4089)
>>> c.read_holding_registers(16, 17, 10)
(28160, 1, 155, 0, -14499, 16760, 10303, 1, 0, -4089)
>>> c.read_holding_registers(16, 17, 10)
(28160, 1, 155, 0, -14396, 16760, 2957, 1, 0, -4089)
>>> c.read_holding_registers(16, 17, 12)
(28160, 1, 156, 0, -13521, 16762, -11492, 1, 0, -4089, 11, -2297)
>>> c.read_holding_registers(16, 16, 12)
(-2297, 28160, 1, 156, 0, -11822, 16761, -4224, 1, 0, -4089, 11)
>>> c.read_holding_registers(16, 16, 12)
(-2297, 28160, 1, 156, 0, -11359, 16761, -4224, 1, 0, -4089, 11)
>>> c.read_holding_registers(16, 16, 12)
(-2297, 28160, 1, 156, 0, -11256, 16761, -4224, 1, 0, -4089, 11)
>>> c.read_holding_registers(16, 16, 12)
(-2297, 28160, 1, 156, 0, -11153, 16762, -11492, 1, 0, -4089, 11)
>>> c.read_holding_registers(16, 16, 12)
(-2297, 28160, 1, 156, 0, -11050, 16762, -11492, 1, 0, -4089, 11)
>>> c.read_holding_registers(16, 16, 12)
(-2297, 28160, 1, 157, 0, -10948, 16763, -18764, 1, 0, -4089, 11)
>>> c.read_holding_registers(16, 16, 12)
(-2297, 28160, 1, 157, 0, -10793, 16764, -26039, 1, 0, -4089, 11)
>>> 
Traceback (most recent call last):
  File "<stdin>", line 1
SyntaxError: invalid syntax
>>> 
>>> 
>>> 
>>> 
>>> 
>>> 
PYB: sync filesystems
PYB: soft reboot
Traceback (most recent call last):
  File "boot.py", line 12, in <module>
  File "makhina/control.py", line 10, in <module>
KeyboardInterrupt: 
Traceback (most recent call last):
  File "main.py", line 5, in <module>
NameError: name 'main_screen' is not defined
MicroPython v1.9.4 on 2018-05-11; PYBv1.1 with STM32F405RG
Type "help()" for more information.
>>> 
>>> 
>>> 
>>> 
>>> 
>>> from uModbus.Serial
Traceback (most recent call last):
  File "<stdin>", line 2
SyntaxError: invalid syntax
>>> from uModbus.serial import Serial
>>> ls
Traceback (most recent call last):
  File "<stdin>", line 1, in <module>
NameError: name 'ls' is not defined
>>> c = Serial(6, baudrare=115200)
Traceback (most recent call last):
  File "<stdin>", line 1, in <module>
TypeError: unexpected keyword argument 'baudrare'
>>> c = Serial(6, baudrate=115200)
>>> c.read_holding_registers(16, 19, 10)
Traceback (most recent call last):
  File "<stdin>", line 1, in <module>
  File "uModbus/serial.py", line 125, in read_holding_registers
  File "uModbus/serial.py", line 84, in _send_receive
  File "uModbus/serial.py", line 89, in _validate_resp_hdr
OSError: no data received from slave
>>> c  = Serial(6, baudrate=115200, ctrl_pin="X6")
>>> c  = Serial(6, baudrate=115200, ctrl_pin="X6")
>>> c.read_holding_registers(16, 19, 10)
(122, 0, -21237, 16707, 32120, 1, 0, -4089, 11, -2297)
>>> c.read_holding_registers(16, 19, 10)
(127, 0, -20001, 16716, 26917, 1, 0, -4089, 11, -2297)
>>> c.read_holding_registers(16, 19, 10)
(129, 0, -19847, 16719, -8839, 1, 0, -4089, 11, -2297)
>>> c.read_holding_registers(16, 19, 10)
(133, 0, -19590, 16726, 14237, 1, 0, -4089, 11, -2297)
>>> c.read_holding_registers(16, 19, 10)
(135, 0, -19436, 16728, -7170, 1, 0, -4089, 11, -2297)
>>> c.read_holding_registers(16, 19, 10)
(138, 0, -19179, 16733, 22622, 1, 0, -4089, 11, -2297)
>>> c.read_holding_registers(16, 19, 10)
(140, 0, -19024, 16736, 1133, 1, 0, -4089, 11, -2297)
>>> c.read_holding_registers(16, 19, 10)
(141, 0, -18819, 16738, -20387, 1, 0, -4089, 11, -2297)
>>> c.read_holding_registers(16, 18, 10)
(1, 145, 0, -17841, 16744, -5182, 1, 0, -4089, 11)
>>> c.read_holding_registers(16, 18, 10)
(1, 146, 0, -17326, 16746, -19595, 1, 0, -4089, 11)
>>> 
>>> 
>>> c.read_holding_registers(16, 18, 10)
(1, 147, 0, -17069, 16748, 31515, 1, 0, -4089, 11)
>>> c.read_holding_registers(16, 18, 10)
(1, 148, 0, -16966, 16749, 24298, 1, 0, -4089, 11)
>>> c.read_holding_registers(16, 18, 10)
(1, 148, 0, -16863, 16750, 17078, 1, 0, -4089, 11)
>>> c.read_holding_registers(16, 18, 10)
(1, 149, 0, -16761, 16751, 9853, 1, 0, -4089, 11)
>>> c.read_holding_registers(16, 18, 10)
(1, 150, 0, -16658, 16752, 2625, 1, 0, -4089, 11)
>>> c.read_holding_registers(16, 17, 10)
(28160, 1, 152, 0, -15989, 16755, -26322, 1, 0, -4089)
>>> c.read_holding_registers(16, 17, 10)
(28160, 1, 152, 0, -15526, 16755, -26322, 1, 0, -4089)
>>> c.read_holding_registers(16, 17, 10)
(28160, 1, 152, 0, -15423, 16755, -26322, 1, 0, -4089)
>>> c.read_holding_registers(16, 17, 10)
(28160, 1, 152, 0, -15321, 16756, 31971, 1, 0, -4089)
>>> c.read_holding_registers(16, 17, 10)
(28160, 1, 152, 0, -15218, 16756, 31971, 1, 0, -4089)
>>> c.read_holding_registers(16, 17, 10)
(28160, 1, 153, 0, -14961, 16757, 24723, 1, 0, -4089)
>>> c.read_holding_registers(16, 17, 10)
(28160, 1, 154, 0, -14858, 16759, 17564, 1, 0, -4089)
>>> c.read_holding_registers(16, 17, 10)
(28160, 1, 154, 0, -14704, 16759, 17564, 1, 0, -4089)
>>> c.read_holding_registers(16, 17, 10)
(28160, 1, 154, 0, -14601, 16759, 10217, 1, 0, -4089)
>>> c.read_holding_registers(16, 17, 10)
(28160, 1, 155, 0, -14499, 16760, 10303, 1, 0, -4089)
>>> c.read_holding_registers(16, 17, 10)
(28160, 1, 155, 0, -14396, 16760, 2957, 1, 0, -4089)
>>> c.read_holding_registers(16, 17, 12)
(28160, 1, 156, 0, -13521, 16762, -11492, 1, 0, -4089, 11, -2297)
>>> c.read_holding_registers(16, 16, 12)
(-2297, 28160, 1, 156, 0, -11822, 16761, -4224, 1, 0, -4089, 11)
>>> c.read_holding_registers(16, 16, 12)
(-2297, 28160, 1, 156, 0, -11359, 16761, -4224, 1, 0, -4089, 11)
>>> c.read_holding_registers(16, 16, 12)
(-2297, 28160, 1, 156, 0, -11256, 16761, -4224, 1, 0, -4089, 11)
>>> c.read_holding_registers(16, 16, 12)
(-2297, 28160, 1, 156, 0, -11153, 16762, -11492, 1, 0, -4089, 11)
>>> c.read_holding_registers(16, 16, 12)
(-2297, 28160, 1, 156, 0, -11050, 16762, -11492, 1, 0, -4089, 11)
>>> c.read_holding_registers(16, 16, 12)
(-2297, 28160, 1, 157, 0, -10948, 16763, -18764, 1, 0, -4089, 11)
>>> c.read_holding_registers(16, 16, 12)
(-2297, 28160, 1, 157, 0, -10793, 16764, -26039, 1, 0, -4089, 11)
>>> 

